building the system configuration...
warning: Git tree '/home/freeman.xiong/Documents/github/hecoinfo/message-dashboard' is dirty
these 111 derivations will be built:
  /nix/store/gci66x372hj8gpajm5kks328dvwnpknp-glibc-locales-2.40-66.drv
  /nix/store/04yjm3vbw1mbhglz20w385v0lq9hkrxh-unit-systemd-logind.service.drv
  /nix/store/081cgwhf9sglblzdfja1gcq3mn67ac4j-unit-user-.service.drv
  /nix/store/0sr8m7spycq2riimjwj4w6l9wvz12zaf-perl-5.40.0-env.drv
  /nix/store/0wn838zqpb7kfhy5ajviaj711dsyfl48-unit-nftables.service.drv
  /nix/store/1g7xs53pi8yxz4q6bcf38apnacdy8km6-systemd-user.pam.drv
  /nix/store/1msmp5hn1nqrhzi40qr94k13p7grgihj-unit-systemd-udev-settle.service.drv
  /nix/store/1rzmxhd1fj3ydjzkv4s8g8nd7559yixy-unit-serial-getty-.service.drv
  /nix/store/1vlqnpgkpya14j2n0v8y9qcww6cfgajz-getty.drv
  /nix/store/qysbfy8bcv708s3kli2a1myw7x99m5mx-linux-hardened-6.12.56-modules.drv
  /nix/store/v2aah9qnqdnyplwixdgly47wrqbsm8fa-firmware.drv
  /nix/store/1z43m5jkal6kqq90w6hxmirz10ph38ls-linux-hardened-6.12.56-modules-shrunk.drv
  /nix/store/z6wqd0wz645z352zl2ag89hvvq767xil-sops-install-secrets-0.0.1-go-modules.drv
  /nix/store/8y7qfjbq590kkldhpvbin5kmcb6a5lr3-sops-install-secrets-0.0.1.drv
  /nix/store/211h3dlqv4xk9zb9pcv72fw5d6n5xi65-manifest.json.drv
  /nix/store/420znikjz4c7q45n2vysc3s9fkliwir1-udev-path.drv
  /nix/store/jbhafp9lcvchvlazl9w8bs9lp7rpjq37-udev-rules.drv
  /nix/store/6ljy9gn3c1yjivc4f5nl7mabm9s3ih9j-X-Restart-Triggers-systemd-udevd.drv
  /nix/store/2pp249zvd6a508ys4j51snp6j62aifir-unit-systemd-udevd.service.drv
  /nix/store/7y7fi426hrm32a1p5a3xsw1ykwramm0p-perl-5.40.0-env.drv
  /nix/store/97vwa3v6dl97w5l299h2y36k6bsxr1zx-nixos-generate-config.drv
  /nix/store/db5lnxf7ndp0kgcp18m4mjfvgg8hkbqg-nixos-help.drv
  /nix/store/yif1nii9s1ljrl3pd8b45xr9kycbwz1y-nixos-install.drv
  /nix/store/6hf07bh8mr96ddsnf1c3fv1c63japq03-system-path.drv
  /nix/store/rqlimrr8f0lsi2yj4a1pv7p9rcna6krf-X-Restart-Triggers-polkit.drv
  /nix/store/2pwlpar2kc7zz01s5qjwpf4h626g0rar-unit-polkit.service.drv
  /nix/store/2zwrvfss95jn4cxfn46nz3ja4jz3y4nk-system-shutdown.drv
  /nix/store/anja1x1898ssj4bfvvw38apyb9hrm91i-unit-script-nixos-activation-start.drv
  /nix/store/3i22p7f3i68gjp7djkzck1mm9y72wa2k-unit-nixos-activation.service.drv
  /nix/store/3msmk69lfgp0k48w90n9rgga7i5igh7w-unit-nix-optimise.service.drv
  /nix/store/4cmpkp51d8x392vxkihc09lp90nl4inw-unit-save-hwclock.service.drv
  /nix/store/4kli40nvrhl17p20q1lw0f353aza5avm-unit-systemd-journald.service.drv
  /nix/store/qbsx623r5bppp9gadrr1j65k55v6vr8g-dbus-1.drv
  /nix/store/4mgnzhfnnfx4z54xj3bivjrngv5zx7w3-X-Restart-Triggers-dbus.drv
  /nix/store/4yddv7j8mj87y3mmbxr9wz90vn7sqbnr-unit-systemd-makefs-.service.drv
  /nix/store/57ccvaclbhnac1z045hf2cr2v27h6njs-unit-systemd-timedated.service.drv
  /nix/store/59l6rjxqn5w041wa47q740sjpqzdg0wy-unit-nix-gc.service.drv
  /nix/store/5qys9yv4d3dmnlykzq83zzm0z7w1s0q8-etc-ssh-ssh_config.drv
  /nix/store/5rwsrh3pb14jcq9wz7xq3n4fh3j7j27r-orange-pi-daemon-rust-2.0.0.drv
  /nix/store/67fhsl424fxbq783x2cyp2zi7iykfr0r-unit-systemd-resolved.service.drv
  /nix/store/85safpkqjzd0dp3yblk9fnbqz2c1j6r6-systemd-boot.drv
  /nix/store/67p3kv8z0c7xjwv5wvbjhxna68s6yx3h-install-systemd-boot.sh.drv
  /nix/store/7734l0m6133r979b948g5fs132zyhl6p-unit-systemd-user-sessions.service.drv
  /nix/store/yibwx5npv8idj2kynzqa2bd8fzlfg2wc-sms-daemon-start.drv
  /nix/store/7ijr7x963sqkyw6k98k6wwj2bghhwpx9-unit-sms-daemon.service.drv
  /nix/store/8y1g6nkm3s4gwfhkq98n5bjmzxmgbfvj-unit-autovt-.service.drv
  /nix/store/8zn3cwfrwmrp7bxa9bx6zxzbhvh9wnzc-unit-prepare-kexec.service.drv
  /nix/store/9fg4f9h69a60zgp864jdmbc3nw0v7f13-unit-NetworkManager.service.drv
  /nix/store/a5p9piwf1fi2a05kzcx61ngz43dbl75l-unit-reload-systemd-vconsole-setup.service.drv
  /nix/store/byvfsd91bzl0f5d6163z4y63dl6y5hdw-tmpfiles.d.drv
  /nix/store/pq67xqkjbn6gwgn4n11vqsbg6gpa4mdx-unit-dbus.service.drv
  /nix/store/q5w1bdxy0knbw2awrsm5fwn1zd7n359f-unit-systemd-tmpfiles-setup.service.drv
  /nix/store/cpp4qb6frz35n4bxsp8s0cl1lspkv6hz-user-units.drv
  /nix/store/d3wx2yp35l6qycma964f5rm9agwzq51q-user-generators.drv
  /nix/store/fnqh3nah97y0sh8rl4w88xhn8p6nnw0m-etc-sysctl.d-60-nixos.conf.drv
  /nix/store/k6b2l38r2jmj2ddw18xxvvv23fwar2ix-etc-modprobe.d-firmware.conf.drv
  /nix/store/nii4v7g930l6zdl54fg2zqhcz3kn9g0m-system-generators.drv
  /nix/store/s09kvwapywn84mkf69zj1134ra8firh0-login.pam.drv
  /nix/store/x390b49053drbhwf1lwl0nl5612lkb5m-sshd.pam.drv
  /nix/store/aqzsfs4q9y9sqszkjnb0xf4659q5zdai-unit-systemd-journal-flush.service.drv
  /nix/store/dx0yiajhrrp4kpbbw39ph82yb3qdxy1c-unit-suid-sgid-wrappers.service.drv
  /nix/store/dxvr6cfp5xlg5d6km05zaksz42k41syl-unit-container-getty-.service.drv
  /nix/store/fm22ffhqmqnfkkw1xshp92d604z6f5xd-unit-systemd-random-seed.service.drv
  /nix/store/frqdqg3y292x3ixj1kisqp5hj12lwdr3-unit-systemd-nspawn-.service.drv
  /nix/store/gzqj89kdby41rpb9q7xzgzpdcnz3n33f-unit-post-resume.service.drv
  /nix/store/i4n6ffs6mn9rids0wb8nivxlfnrp0vj7-unit-watchdogd.service.drv
  /nix/store/i8ij35w0nxycxkzxj7320lwg7ifkbgax-unit-nscd.service.drv
  /nix/store/j75amn16y4jyfiddpkxw3kypw6nm0m2p-unit-sshd.service.drv
  /nix/store/jdcr6alyxg82rb7903l47i28a7gp4vd5-unit-systemd-pstore.service.drv
  /nix/store/jq6vycn0fawisfag5ww5lfdz4dnkldkq-unit-systemd-fsck-.service.drv
  /nix/store/lchg2mpxv1bsiz7ifxfwh3vw4jq5zxms-unit-systemd-remount-fs.service.drv
  /nix/store/lpkjqyzj435q9q9yfaynq2h2ckrz31yr-unit-pre-sleep.service.drv
  /nix/store/w49a3g0cgm9i6k1xk9c1kxv90jzp8aqj-X-Restart-Triggers-systemd-sysctl.drv
  /nix/store/mc1m1abbr2mvvljvg5kv0v4lzkmp30q8-unit-systemd-sysctl.service.drv
  /nix/store/mjmddvcf12wq0ndiqmx3mj74r8y999cv-unit-sshd-keygen.service.drv
  /nix/store/nilxc19hhdwrqpsadlnnmb0bmcys66lc-unit-sshd-.service.drv
  /nix/store/g9mlw7s01mwzx69bq4nz0ip89xkjga0s-X-Restart-Triggers-systemd-tmpfiles-resetup.drv
  /nix/store/pdir582lf7f3ccc819fnj1b2jkyqawmd-unit-systemd-tmpfiles-resetup.service.drv
  /nix/store/pwk496xrny3jhjf04hz1h7jiy9ki2zkx-unit-nix-daemon.service.drv
  /nix/store/qppmhwhqzn60iggz6xgb9yrpva3f00x7-unit-user-runtime-dir-.service.drv
  /nix/store/qyaw4kf45f5k0m3sjx5pnyfgngx7fh7r-unit-systemd-modules-load.service.drv
  /nix/store/r5gln2k3jsp4slnlrf6pnw8sl2h13qf9-unit-systemd-backlight-.service.drv
  /nix/store/s2a1bz351mgygyhxjdxapp6xn5v3vqjy-unit-systemd-oomd.service.drv
  /nix/store/v6j55ivsw04dk6zvx8x6y3f3krkmnfxk-unit-systemd-journald-.service.drv
  /nix/store/vp92v4qhkcvjvicpmpd5js738csz6f8l-unit-systemd-update-utmp.service.drv
  /nix/store/vxpv5106w8ynr4fmvbzbdksi7c84g7qv-unit-dbus.service.drv
  /nix/store/wdy8hy8b5xs3hfv8g9l7hfblyg1h9c00-unit-lastlog2-import.service.drv
  /nix/store/kwjn0pl73ba08w3qc3g8df30j0kc120w-unit-script-linger-users-start.drv
  /nix/store/wn47x9wbypr00b7sa8ich05pivb9c5d1-unit-linger-users.service.drv
  /nix/store/ib5y4vgasfvl9vqhkkn6c26zh413y0vw-shutdown-ramfs-contents.json.drv
  /nix/store/x73100v4xsar42yja3d8xlxswpbh90x7-unit-generate-shutdown-ramfs.service.drv
  /nix/store/xgi1nlg312ppn5zsnpidfw5s7gnxsn7b-unit-NetworkManager-dispatcher.service.drv
  /nix/store/xrbidmlz08g0nx7njv0i0blkjdx8m7jq-unit-ModemManager.service.drv
  /nix/store/y004rs9hm8x7hq1z17zigjgc63vlz9x1-unit-systemd-mkswap-.service.drv
  /nix/store/y67riz9sm4x94zv47836k1lxnk2hc4fd-unit-kmod-static-nodes.service.drv
  /nix/store/z7jpc2y4mj1d9iyxvpjyj5rv1dr9fnv7-unit-NetworkManager-wait-online.service.drv
  /nix/store/zac8zl7qpl9gypp46s4f7rivwnvhwzif-unit-getty-.service.drv
  /nix/store/zdj00jf8zayir7yylfl9vpvca9f0c6ll-unit-fail2ban.service.drv
  /nix/store/zh7y35jvklrd121q6v1v7a5x31qr8s60-unit-systemd-timesyncd.service.drv
  /nix/store/zyp5ivyxznygwppf9cpvc55lab8yharf-unit-systemd-importd.service.drv
  /nix/store/xn0zsmd7c9h0q71y2aybggw0v0csahcb-system-units.drv
  /nix/store/zhx38klp58dcpiwzbn30wqd5wr0jsy7r-hwdb.bin.drv
  /nix/store/a99rl097v9cclzja63qbln2iqc66qqgq-etc.drv
  /nix/store/azs0wvfnlzpzsjf8ncbfw166dhi4zsgw-perl-5.40.0-env.drv
  /nix/store/kw9pawpq1804r8c25kc6xv2n203b885i-manifest-for-users.json.drv
  /nix/store/ly9ylm31b1nbxldsjvd8j87b3gnamvkq-closure-info.drv
  /nix/store/ncq0j5ycxjxxzm1jk0jqznag7cb9nc8s-initrd-linux-hardened-6.12.56.drv
  /nix/store/pwx2xnfggz2ys2s55b0j5yvqxwsh3bv4-stage-2-init.sh.drv
  /nix/store/rqfh899gswaw7gjw663mpgfjxriisdi9-boot.json.drv
  /nix/store/w2ribmls40w0n70bircgfjswc7gx20jl-perl-5.40.0-env.drv
  /nix/store/g895nbzcmk3iz2xqyxyn58achvzbahxk-nixos-system-orange-pi-sms-25.11.20251116.85a6c4a.drv
these 13 paths will be fetched (904.45 MiB download, 1478.66 MiB unpacked):
  /nix/store/yvav3m6b6ikv979jcryqyk7lzs3mnqsr-fail2ban-1.1.0
  /nix/store/55j9qicj9fghz8yk3xsn2y9ab5mj4jdr-git-2.51.2
  /nix/store/jxc201am1rz1b9lpd26jg3k82j20y1hz-git-minimal-2.51.2
  /nix/store/xvzz9k1zf5i6rl0h9w0yczmpq29p16d2-go-1.24.10
  /nix/store/ybh1p0f6sd3i7b66chf3gd8b1yy41p0c-go-1.25.3
  /nix/store/11m4rckv9y67ddv6qm8rlf4y6frz1h6x-htop-3.4.1
  /nix/store/cnxk1jxsja3rf3812dzd3879kfwxp7ar-linux-firmware-20251111-zstd
  /nix/store/20mhc5j3iwysys3b941q4i6136jn4hkg-linux-hardened-6.12.56-modules
  /nix/store/34afy57wx88lwazrh44ch9j4dm7h0fyv-modemmanager-1.24.0
  /nix/store/mmimjkr4sb6f1sch4rs1gz3vyx72crgi-networkmanager-1.54.1
  /nix/store/igs054i3978i4fc51fnj8jjgx98a4qds-python3.13-systemd-python-235
  /nix/store/ywwc9zqfqbxhlhxcdl7q8js5v687xphq-systemd-258.1
  /nix/store/1zqplvp0hkdmp54zigafdxmzqbk5p0qi-systemd-default-tmpfiles
copying path '/nix/store/ywwc9zqfqbxhlhxcdl7q8js5v687xphq-systemd-258.1' from 'https://cache.nixos.org'...
copying path '/nix/store/cnxk1jxsja3rf3812dzd3879kfwxp7ar-linux-firmware-20251111-zstd' from 'https://cache.nixos.org'...
copying path '/nix/store/20mhc5j3iwysys3b941q4i6136jn4hkg-linux-hardened-6.12.56-modules' from 'https://cache.nixos.org'...
copying path '/nix/store/55j9qicj9fghz8yk3xsn2y9ab5mj4jdr-git-2.51.2' from 'https://cache.nixos.org'...
building '/nix/store/0sr8m7spycq2riimjwj4w6l9wvz12zaf-perl-5.40.0-env.drv'...
building '/nix/store/azs0wvfnlzpzsjf8ncbfw166dhi4zsgw-perl-5.40.0-env.drv'...
building '/nix/store/w2ribmls40w0n70bircgfjswc7gx20jl-perl-5.40.0-env.drv'...
building '/nix/store/pwx2xnfggz2ys2s55b0j5yvqxwsh3bv4-stage-2-init.sh.drv'...
copying path '/nix/store/ybh1p0f6sd3i7b66chf3gd8b1yy41p0c-go-1.25.3' from 'https://cache.nixos.org'...
copying path '/nix/store/xvzz9k1zf5i6rl0h9w0yczmpq29p16d2-go-1.24.10' from 'https://cache.nixos.org'...
building '/nix/store/gci66x372hj8gpajm5kks328dvwnpknp-glibc-locales-2.40-66.drv'...
building '/nix/store/db5lnxf7ndp0kgcp18m4mjfvgg8hkbqg-nixos-help.drv'...
building '/nix/store/yif1nii9s1ljrl3pd8b45xr9kycbwz1y-nixos-install.drv'...
building '/nix/store/7y7fi426hrm32a1p5a3xsw1ykwramm0p-perl-5.40.0-env.drv'...
copying path '/nix/store/jxc201am1rz1b9lpd26jg3k82j20y1hz-git-minimal-2.51.2' from 'https://cache.nixos.org'...
building '/nix/store/1vlqnpgkpya14j2n0v8y9qcww6cfgajz-getty.drv'...
building '/nix/store/5rwsrh3pb14jcq9wz7xq3n4fh3j7j27r-orange-pi-daemon-rust-2.0.0.drv'...
copying path '/nix/store/34afy57wx88lwazrh44ch9j4dm7h0fyv-modemmanager-1.24.0' from 'https://cache.nixos.org'...
copying path '/nix/store/11m4rckv9y67ddv6qm8rlf4y6frz1h6x-htop-3.4.1' from 'https://cache.nixos.org'...
copying path '/nix/store/igs054i3978i4fc51fnj8jjgx98a4qds-python3.13-systemd-python-235' from 'https://cache.nixos.org'...
copying path '/nix/store/1zqplvp0hkdmp54zigafdxmzqbk5p0qi-systemd-default-tmpfiles' from 'https://cache.nixos.org'...
building '/nix/store/5qys9yv4d3dmnlykzq83zzm0z7w1s0q8-etc-ssh-ssh_config.drv'...
building '/nix/store/fnqh3nah97y0sh8rl4w88xhn8p6nnw0m-etc-sysctl.d-60-nixos.conf.drv'...
building '/nix/store/s09kvwapywn84mkf69zj1134ra8firh0-login.pam.drv'...
building '/nix/store/ib5y4vgasfvl9vqhkkn6c26zh413y0vw-shutdown-ramfs-contents.json.drv'...
building '/nix/store/x390b49053drbhwf1lwl0nl5612lkb5m-sshd.pam.drv'...
building '/nix/store/85safpkqjzd0dp3yblk9fnbqz2c1j6r6-systemd-boot.drv'...
building '/nix/store/1g7xs53pi8yxz4q6bcf38apnacdy8km6-systemd-user.pam.drv'...
building '/nix/store/420znikjz4c7q45n2vysc3s9fkliwir1-udev-path.drv'...
building '/nix/store/kwjn0pl73ba08w3qc3g8df30j0kc120w-unit-script-linger-users-start.drv'...
building '/nix/store/anja1x1898ssj4bfvvw38apyb9hrm91i-unit-script-nixos-activation-start.drv'...
copying path '/nix/store/yvav3m6b6ikv979jcryqyk7lzs3mnqsr-fail2ban-1.1.0' from 'https://cache.nixos.org'...
building '/nix/store/byvfsd91bzl0f5d6163z4y63dl6y5hdw-tmpfiles.d.drv'...
building '/nix/store/w49a3g0cgm9i6k1xk9c1kxv90jzp8aqj-X-Restart-Triggers-systemd-sysctl.drv'...
copying path '/nix/store/mmimjkr4sb6f1sch4rs1gz3vyx72crgi-networkmanager-1.54.1' from 'https://cache.nixos.org'...
building '/nix/store/g9mlw7s01mwzx69bq4nz0ip89xkjga0s-X-Restart-Triggers-systemd-tmpfiles-resetup.drv'...
building '/nix/store/67p3kv8z0c7xjwv5wvbjhxna68s6yx3h-install-systemd-boot.sh.drv'...
building '/nix/store/zhx38klp58dcpiwzbn30wqd5wr0jsy7r-hwdb.bin.drv'...
building '/nix/store/nii4v7g930l6zdl54fg2zqhcz3kn9g0m-system-generators.drv'...
building '/nix/store/2zwrvfss95jn4cxfn46nz3ja4jz3y4nk-system-shutdown.drv'...
building '/nix/store/jbhafp9lcvchvlazl9w8bs9lp7rpjq37-udev-rules.drv'...
building '/nix/store/d3wx2yp35l6qycma964f5rm9agwzq51q-user-generators.drv'...
building '/nix/store/mwn8djj4zz50x3n7l2i57k3q7siqlxxy-sops-install-secrets-0.0.1-go-modules.drv'...
building '/nix/store/6ljy9gn3c1yjivc4f5nl7mabm9s3ih9j-X-Restart-Triggers-systemd-udevd.drv'...
building '/nix/store/qysbfy8bcv708s3kli2a1myw7x99m5mx-linux-hardened-6.12.56-modules.drv'...
building '/nix/store/v2aah9qnqdnyplwixdgly47wrqbsm8fa-firmware.drv'...
building '/nix/store/k6b2l38r2jmj2ddw18xxvvv23fwar2ix-etc-modprobe.d-firmware.conf.drv'...
building '/nix/store/1z43m5jkal6kqq90w6hxmirz10ph38ls-linux-hardened-6.12.56-modules-shrunk.drv'...
building '/nix/store/8y7qfjbq590kkldhpvbin5kmcb6a5lr3-sops-install-secrets-0.0.1.drv'...
building '/nix/store/ly9ylm31b1nbxldsjvd8j87b3gnamvkq-closure-info.drv'...
building '/nix/store/ncq0j5ycxjxxzm1jk0jqznag7cb9nc8s-initrd-linux-hardened-6.12.56.drv'...
building '/nix/store/rqfh899gswaw7gjw663mpgfjxriisdi9-boot.json.drv'...
building '/nix/store/97vwa3v6dl97w5l299h2y36k6bsxr1zx-nixos-generate-config.drv'...
building '/nix/store/6hf07bh8mr96ddsnf1c3fv1c63japq03-system-path.drv'...
building '/nix/store/xrbidmlz08g0nx7njv0i0blkjdx8m7jq-unit-ModemManager.service.drv'...
building '/nix/store/xgi1nlg312ppn5zsnpidfw5s7gnxsn7b-unit-NetworkManager-dispatcher.service.drv'...
building '/nix/store/z7jpc2y4mj1d9iyxvpjyj5rv1dr9fnv7-unit-NetworkManager-wait-online.service.drv'...
building '/nix/store/9fg4f9h69a60zgp864jdmbc3nw0v7f13-unit-NetworkManager.service.drv'...
building '/nix/store/8y1g6nkm3s4gwfhkq98n5bjmzxmgbfvj-unit-autovt-.service.drv'...
building '/nix/store/dxvr6cfp5xlg5d6km05zaksz42k41syl-unit-container-getty-.service.drv'...
building '/nix/store/zdj00jf8zayir7yylfl9vpvca9f0c6ll-unit-fail2ban.service.drv'...
building '/nix/store/x73100v4xsar42yja3d8xlxswpbh90x7-unit-generate-shutdown-ramfs.service.drv'...
building '/nix/store/zac8zl7qpl9gypp46s4f7rivwnvhwzif-unit-getty-.service.drv'...
building '/nix/store/y67riz9sm4x94zv47836k1lxnk2hc4fd-unit-kmod-static-nodes.service.drv'...
building '/nix/store/wdy8hy8b5xs3hfv8g9l7hfblyg1h9c00-unit-lastlog2-import.service.drv'...
building '/nix/store/wn47x9wbypr00b7sa8ich05pivb9c5d1-unit-linger-users.service.drv'...
building '/nix/store/0wn838zqpb7kfhy5ajviaj711dsyfl48-unit-nftables.service.drv'...
building '/nix/store/pwk496xrny3jhjf04hz1h7jiy9ki2zkx-unit-nix-daemon.service.drv'...
building '/nix/store/59l6rjxqn5w041wa47q740sjpqzdg0wy-unit-nix-gc.service.drv'...
building '/nix/store/3msmk69lfgp0k48w90n9rgga7i5igh7w-unit-nix-optimise.service.drv'...
building '/nix/store/3i22p7f3i68gjp7djkzck1mm9y72wa2k-unit-nixos-activation.service.drv'...
building '/nix/store/i8ij35w0nxycxkzxj7320lwg7ifkbgax-unit-nscd.service.drv'...
building '/nix/store/gzqj89kdby41rpb9q7xzgzpdcnz3n33f-unit-post-resume.service.drv'...
building '/nix/store/lpkjqyzj435q9q9yfaynq2h2ckrz31yr-unit-pre-sleep.service.drv'...
building '/nix/store/8zn3cwfrwmrp7bxa9bx6zxzbhvh9wnzc-unit-prepare-kexec.service.drv'...
building '/nix/store/a5p9piwf1fi2a05kzcx61ngz43dbl75l-unit-reload-systemd-vconsole-setup.service.drv'...
building '/nix/store/4cmpkp51d8x392vxkihc09lp90nl4inw-unit-save-hwclock.service.drv'...
building '/nix/store/1rzmxhd1fj3ydjzkv4s8g8nd7559yixy-unit-serial-getty-.service.drv'...
building '/nix/store/nilxc19hhdwrqpsadlnnmb0bmcys66lc-unit-sshd-.service.drv'...
building '/nix/store/mjmddvcf12wq0ndiqmx3mj74r8y999cv-unit-sshd-keygen.service.drv'...
building '/nix/store/j75amn16y4jyfiddpkxw3kypw6nm0m2p-unit-sshd.service.drv'...
building '/nix/store/dx0yiajhrrp4kpbbw39ph82yb3qdxy1c-unit-suid-sgid-wrappers.service.drv'...
building '/nix/store/r5gln2k3jsp4slnlrf6pnw8sl2h13qf9-unit-systemd-backlight-.service.drv'...
building '/nix/store/jq6vycn0fawisfag5ww5lfdz4dnkldkq-unit-systemd-fsck-.service.drv'...
building '/nix/store/zyp5ivyxznygwppf9cpvc55lab8yharf-unit-systemd-importd.service.drv'...
building '/nix/store/aqzsfs4q9y9sqszkjnb0xf4659q5zdai-unit-systemd-journal-flush.service.drv'...
building '/nix/store/v6j55ivsw04dk6zvx8x6y3f3krkmnfxk-unit-systemd-journald-.service.drv'...
building '/nix/store/4kli40nvrhl17p20q1lw0f353aza5avm-unit-systemd-journald.service.drv'...
building '/nix/store/04yjm3vbw1mbhglz20w385v0lq9hkrxh-unit-systemd-logind.service.drv'...
building '/nix/store/4yddv7j8mj87y3mmbxr9wz90vn7sqbnr-unit-systemd-makefs-.service.drv'...
building '/nix/store/y004rs9hm8x7hq1z17zigjgc63vlz9x1-unit-systemd-mkswap-.service.drv'...
building '/nix/store/qyaw4kf45f5k0m3sjx5pnyfgngx7fh7r-unit-systemd-modules-load.service.drv'...
building '/nix/store/frqdqg3y292x3ixj1kisqp5hj12lwdr3-unit-systemd-nspawn-.service.drv'...
building '/nix/store/s2a1bz351mgygyhxjdxapp6xn5v3vqjy-unit-systemd-oomd.service.drv'...
building '/nix/store/jdcr6alyxg82rb7903l47i28a7gp4vd5-unit-systemd-pstore.service.drv'...
building '/nix/store/fm22ffhqmqnfkkw1xshp92d604z6f5xd-unit-systemd-random-seed.service.drv'...
building '/nix/store/lchg2mpxv1bsiz7ifxfwh3vw4jq5zxms-unit-systemd-remount-fs.service.drv'...
building '/nix/store/67fhsl424fxbq783x2cyp2zi7iykfr0r-unit-systemd-resolved.service.drv'...
building '/nix/store/mc1m1abbr2mvvljvg5kv0v4lzkmp30q8-unit-systemd-sysctl.service.drv'...
building '/nix/store/57ccvaclbhnac1z045hf2cr2v27h6njs-unit-systemd-timedated.service.drv'...
building '/nix/store/zh7y35jvklrd121q6v1v7a5x31qr8s60-unit-systemd-timesyncd.service.drv'...
building '/nix/store/pdir582lf7f3ccc819fnj1b2jkyqawmd-unit-systemd-tmpfiles-resetup.service.drv'...
building '/nix/store/q5w1bdxy0knbw2awrsm5fwn1zd7n359f-unit-systemd-tmpfiles-setup.service.drv'...
building '/nix/store/1msmp5hn1nqrhzi40qr94k13p7grgihj-unit-systemd-udev-settle.service.drv'...
building '/nix/store/2pp249zvd6a508ys4j51snp6j62aifir-unit-systemd-udevd.service.drv'...
building '/nix/store/vp92v4qhkcvjvicpmpd5js738csz6f8l-unit-systemd-update-utmp.service.drv'...
building '/nix/store/7734l0m6133r979b948g5fs132zyhl6p-unit-systemd-user-sessions.service.drv'...
building '/nix/store/081cgwhf9sglblzdfja1gcq3mn67ac4j-unit-user-.service.drv'...
building '/nix/store/qppmhwhqzn60iggz6xgb9yrpva3f00x7-unit-user-runtime-dir-.service.drv'...
building '/nix/store/i4n6ffs6mn9rids0wb8nivxlfnrp0vj7-unit-watchdogd.service.drv'...
building '/nix/store/rqlimrr8f0lsi2yj4a1pv7p9rcna6krf-X-Restart-Triggers-polkit.drv'...
building '/nix/store/qbsx623r5bppp9gadrr1j65k55v6vr8g-dbus-1.drv'...
building '/nix/store/2pwlpar2kc7zz01s5qjwpf4h626g0rar-unit-polkit.service.drv'...
building '/nix/store/4mgnzhfnnfx4z54xj3bivjrngv5zx7w3-X-Restart-Triggers-dbus.drv'...
building '/nix/store/pq67xqkjbn6gwgn4n11vqsbg6gpa4mdx-unit-dbus.service.drv'...
building '/nix/store/vxpv5106w8ynr4fmvbzbdksi7c84g7qv-unit-dbus.service.drv'...
building '/nix/store/cpp4qb6frz35n4bxsp8s0cl1lspkv6hz-user-units.drv'...
building '/nix/store/kw9pawpq1804r8c25kc6xv2n203b885i-manifest-for-users.json.drv'...
building '/nix/store/211h3dlqv4xk9zb9pcv72fw5d6n5xi65-manifest.json.drv'...
error: Cannot build '/nix/store/5rwsrh3pb14jcq9wz7xq3n4fh3j7j27r-orange-pi-daemon-rust-2.0.0.drv'.
       Reason: builder failed with exit code 101.
       Output paths:
         /nix/store/mg5n011hd5bd6g9znb1w298xc0j22wd7-orange-pi-daemon-rust-2.0.0
       Last 25 log lines:
       > test tests::test_sync_manager_mode ... ok
       > test tests::test_sync_mode_string ... ok
       > test tests::test_timestamp_formatting ... ok
       > test worker_pool::tests::test_worker_pool_stats ... ok
       > test worker_pool::tests::test_worker_pool_stats_empty ... ok
       > test worker_pool::tests::test_worker_pool_config_default ... FAILED
       > test tests::test_signal_cache_expiration ... ok
       >
       > failures:
       >
       > ---- worker_pool::tests::test_worker_pool_config_default stdout ----
       >
       > thread 'worker_pool::tests::test_worker_pool_config_default' panicked at src/worker_pool.rs:375:9:
       > assertion `left == right` failed
       >   left: 4
       >  right: 8
       > note: run with `RUST_BACKTRACE=1` environment variable to display a backtrace
       >
       >
       > failures:
       >     worker_pool::tests::test_worker_pool_config_default
       >
       > test result: FAILED. 24 passed; 1 failed; 0 ignored; 0 measured; 0 filtered out; finished in 1.15s
       >
       > error: test failed, to rerun pass `--lib`
       For full logs, run:
         nix log /nix/store/5rwsrh3pb14jcq9wz7xq3n4fh3j7j27r-orange-pi-daemon-rust-2.0.0.drv
error: Cannot build '/nix/store/yibwx5npv8idj2kynzqa2bd8fzlfg2wc-sms-daemon-start.drv'.
       Reason: 1 dependency failed.
       Output paths:
         /nix/store/0mgckdsi8x1vm3ly0zq15nv0dpss34g2-sms-daemon-start
error: Cannot build '/nix/store/7ijr7x963sqkyw6k98k6wwj2bghhwpx9-unit-sms-daemon.service.drv'.
       Reason: 1 dependency failed.
       Output paths:
         /nix/store/4yjdqsqizlkns6c0nj74pjnh56g4nd87-unit-sms-daemon.service
error: Cannot build '/nix/store/xn0zsmd7c9h0q71y2aybggw0v0csahcb-system-units.drv'.
       Reason: 1 dependency failed.
       Output paths:
         /nix/store/b8ka10fkhdp2rfxpczjvamsb2xvazf7v-system-units
error: Cannot build '/nix/store/a99rl097v9cclzja63qbln2iqc66qqgq-etc.drv'.
       Reason: 1 dependency failed.
       Output paths:
         /nix/store/ld2ak02s479f8jz55f6kbrcvck6lclpm-etc
error: Cannot build '/nix/store/g895nbzcmk3iz2xqyxyn58achvzbahxk-nixos-system-orange-pi-sms-25.11.20251116.85a6c4a.drv'.
       Reason: 1 dependency failed.
       Output paths:
         /nix/store/ply3vx3cka01bg23fsd1cvzjvqqrf4nm-nixos-system-orange-pi-sms-25.11.20251116.85a6c4a
Command 'nix --extra-experimental-features 'nix-command flakes' build --print-out-paths '.#nixosConfigurations."orange-pi".config.system.build.toplevel' --impure' returned non-zero exit status 1.
