building the system configuration...
copying 0 paths...
these 81 derivations will be built:
  /nix/store/gci66x372hj8gpajm5kks328dvwnpknp-glibc-locales-2.40-66.drv
  /nix/store/04yjm3vbw1mbhglz20w385v0lq9hkrxh-unit-systemd-logind.service.drv
  /nix/store/081cgwhf9sglblzdfja1gcq3mn67ac4j-unit-user-.service.drv
  /nix/store/0wn838zqpb7kfhy5ajviaj711dsyfl48-unit-nftables.service.drv
  /nix/store/1msmp5hn1nqrhzi40qr94k13p7grgihj-unit-systemd-udev-settle.service.drv
  /nix/store/1rzmxhd1fj3ydjzkv4s8g8nd7559yixy-unit-serial-getty-.service.drv
  /nix/store/v2aah9qnqdnyplwixdgly47wrqbsm8fa-firmware.drv
  /nix/store/1z43m5jkal6kqq90w6hxmirz10ph38ls-linux-hardened-6.12.56-modules-shrunk.drv
  /nix/store/z6wqd0wz645z352zl2ag89hvvq767xil-sops-install-secrets-0.0.1-go-modules.drv
  /nix/store/8y7qfjbq590kkldhpvbin5kmcb6a5lr3-sops-install-secrets-0.0.1.drv
  /nix/store/211h3dlqv4xk9zb9pcv72fw5d6n5xi65-manifest.json.drv
  /nix/store/2pp249zvd6a508ys4j51snp6j62aifir-unit-systemd-udevd.service.drv
  /nix/store/6hf07bh8mr96ddsnf1c3fv1c63japq03-system-path.drv
  /nix/store/rqlimrr8f0lsi2yj4a1pv7p9rcna6krf-X-Restart-Triggers-polkit.drv
  /nix/store/2pwlpar2kc7zz01s5qjwpf4h626g0rar-unit-polkit.service.drv
  /nix/store/3i22p7f3i68gjp7djkzck1mm9y72wa2k-unit-nixos-activation.service.drv
  /nix/store/3msmk69lfgp0k48w90n9rgga7i5igh7w-unit-nix-optimise.service.drv
  /nix/store/4cmpkp51d8x392vxkihc09lp90nl4inw-unit-save-hwclock.service.drv
  /nix/store/4kli40nvrhl17p20q1lw0f353aza5avm-unit-systemd-journald.service.drv
  /nix/store/qbsx623r5bppp9gadrr1j65k55v6vr8g-dbus-1.drv
  /nix/store/4mgnzhfnnfx4z54xj3bivjrngv5zx7w3-X-Restart-Triggers-dbus.drv
  /nix/store/4yddv7j8mj87y3mmbxr9wz90vn7sqbnr-unit-systemd-makefs-.service.drv
  /nix/store/57ccvaclbhnac1z045hf2cr2v27h6njs-unit-systemd-timedated.service.drv
  /nix/store/59l6rjxqn5w041wa47q740sjpqzdg0wy-unit-nix-gc.service.drv
  /nix/store/67fhsl424fxbq783x2cyp2zi7iykfr0r-unit-systemd-resolved.service.drv
  /nix/store/7734l0m6133r979b948g5fs132zyhl6p-unit-systemd-user-sessions.service.drv
  /nix/store/8y1g6nkm3s4gwfhkq98n5bjmzxmgbfvj-unit-autovt-.service.drv
  /nix/store/8zn3cwfrwmrp7bxa9bx6zxzbhvh9wnzc-unit-prepare-kexec.service.drv
  /nix/store/9fg4f9h69a60zgp864jdmbc3nw0v7f13-unit-NetworkManager.service.drv
  /nix/store/a5p9piwf1fi2a05kzcx61ngz43dbl75l-unit-reload-systemd-vconsole-setup.service.drv
  /nix/store/aqzsfs4q9y9sqszkjnb0xf4659q5zdai-unit-systemd-journal-flush.service.drv
  /nix/store/pq67xqkjbn6gwgn4n11vqsbg6gpa4mdx-unit-dbus.service.drv
  /nix/store/q5w1bdxy0knbw2awrsm5fwn1zd7n359f-unit-systemd-tmpfiles-setup.service.drv
  /nix/store/cpp4qb6frz35n4bxsp8s0cl1lspkv6hz-user-units.drv
  /nix/store/djacf1vkw7l9spf9nl8zk9wxb74pzbnp-orange-pi-daemon-rust-2.0.0.drv
  /nix/store/dx0yiajhrrp4kpbbw39ph82yb3qdxy1c-unit-suid-sgid-wrappers.service.drv
  /nix/store/dxvr6cfp5xlg5d6km05zaksz42k41syl-unit-container-getty-.service.drv
  /nix/store/fm22ffhqmqnfkkw1xshp92d604z6f5xd-unit-systemd-random-seed.service.drv
  /nix/store/frqdqg3y292x3ixj1kisqp5hj12lwdr3-unit-systemd-nspawn-.service.drv
  /nix/store/gzqj89kdby41rpb9q7xzgzpdcnz3n33f-unit-post-resume.service.drv
  /nix/store/k6b2l38r2jmj2ddw18xxvvv23fwar2ix-etc-modprobe.d-firmware.conf.drv
  /nix/store/i4n6ffs6mn9rids0wb8nivxlfnrp0vj7-unit-watchdogd.service.drv
  /nix/store/i8ij35w0nxycxkzxj7320lwg7ifkbgax-unit-nscd.service.drv
  /nix/store/j75amn16y4jyfiddpkxw3kypw6nm0m2p-unit-sshd.service.drv
  /nix/store/jdcr6alyxg82rb7903l47i28a7gp4vd5-unit-systemd-pstore.service.drv
  /nix/store/jq6vycn0fawisfag5ww5lfdz4dnkldkq-unit-systemd-fsck-.service.drv
  /nix/store/lchg2mpxv1bsiz7ifxfwh3vw4jq5zxms-unit-systemd-remount-fs.service.drv
  /nix/store/lpkjqyzj435q9q9yfaynq2h2ckrz31yr-unit-pre-sleep.service.drv
  /nix/store/mc1m1abbr2mvvljvg5kv0v4lzkmp30q8-unit-systemd-sysctl.service.drv
  /nix/store/mjmddvcf12wq0ndiqmx3mj74r8y999cv-unit-sshd-keygen.service.drv
  /nix/store/nilxc19hhdwrqpsadlnnmb0bmcys66lc-unit-sshd-.service.drv
  /nix/store/pdir582lf7f3ccc819fnj1b2jkyqawmd-unit-systemd-tmpfiles-resetup.service.drv
  /nix/store/pwk496xrny3jhjf04hz1h7jiy9ki2zkx-unit-nix-daemon.service.drv
  /nix/store/qppmhwhqzn60iggz6xgb9yrpva3f00x7-unit-user-runtime-dir-.service.drv
  /nix/store/qyaw4kf45f5k0m3sjx5pnyfgngx7fh7r-unit-systemd-modules-load.service.drv
  /nix/store/r5gln2k3jsp4slnlrf6pnw8sl2h13qf9-unit-systemd-backlight-.service.drv
  /nix/store/s2a1bz351mgygyhxjdxapp6xn5v3vqjy-unit-systemd-oomd.service.drv
  /nix/store/v6j55ivsw04dk6zvx8x6y3f3krkmnfxk-unit-systemd-journald-.service.drv
  /nix/store/vp92v4qhkcvjvicpmpd5js738csz6f8l-unit-systemd-update-utmp.service.drv
  /nix/store/vxpv5106w8ynr4fmvbzbdksi7c84g7qv-unit-dbus.service.drv
  /nix/store/wdy8hy8b5xs3hfv8g9l7hfblyg1h9c00-unit-lastlog2-import.service.drv
  /nix/store/wn47x9wbypr00b7sa8ich05pivb9c5d1-unit-linger-users.service.drv
  /nix/store/x73100v4xsar42yja3d8xlxswpbh90x7-unit-generate-shutdown-ramfs.service.drv
  /nix/store/xgi1nlg312ppn5zsnpidfw5s7gnxsn7b-unit-NetworkManager-dispatcher.service.drv
  /nix/store/xrbidmlz08g0nx7njv0i0blkjdx8m7jq-unit-ModemManager.service.drv
  /nix/store/xl81bw83qjwa4gq70wiz9h32b7cdq29z-sms-daemon-start.drv
  /nix/store/xzzj6dj9xygfl6za7d8bk91c71wwxlny-unit-sms-daemon.service.drv
  /nix/store/y004rs9hm8x7hq1z17zigjgc63vlz9x1-unit-systemd-mkswap-.service.drv
  /nix/store/y67riz9sm4x94zv47836k1lxnk2hc4fd-unit-kmod-static-nodes.service.drv
  /nix/store/z7jpc2y4mj1d9iyxvpjyj5rv1dr9fnv7-unit-NetworkManager-wait-online.service.drv
  /nix/store/zac8zl7qpl9gypp46s4f7rivwnvhwzif-unit-getty-.service.drv
  /nix/store/zdj00jf8zayir7yylfl9vpvca9f0c6ll-unit-fail2ban.service.drv
  /nix/store/zh7y35jvklrd121q6v1v7a5x31qr8s60-unit-systemd-timesyncd.service.drv
  /nix/store/zyp5ivyxznygwppf9cpvc55lab8yharf-unit-systemd-importd.service.drv
  /nix/store/k9p5zjgcaqgkln8nmh5k9a7ykb9rl2dz-system-units.drv
  /nix/store/hshh9a4mdqchzzk27isgbm44pgjhimfb-etc.drv
  /nix/store/kw9pawpq1804r8c25kc6xv2n203b885i-manifest-for-users.json.drv
  /nix/store/ly9ylm31b1nbxldsjvd8j87b3gnamvkq-closure-info.drv
  /nix/store/ncq0j5ycxjxxzm1jk0jqznag7cb9nc8s-initrd-linux-hardened-6.12.56.drv
  /nix/store/rqfh899gswaw7gjw663mpgfjxriisdi9-boot.json.drv
  /nix/store/vag2k4g0gvm623nbrkya9xnc524hs2gb-nixos-system-orange-pi-sms-25.11.20251116.85a6c4a.drv
these 2 paths will be fetched (733.57 MiB download, 905.55 MiB unpacked):
  /nix/store/ybh1p0f6sd3i7b66chf3gd8b1yy41p0c-go-1.25.3
  /nix/store/cnxk1jxsja3rf3812dzd3879kfwxp7ar-linux-firmware-20251111-zstd
